// Jest Snapshot v1, https://goo.gl/fbAQLP

exports[`GraphQL: Area mutation xxx 1`] = `undefined`;

exports[`GraphQL: Area query xxx 1`] = `undefined`;
