// Jest Snapshot v1, https://goo.gl/fbAQLP

exports[`GraphQL: Postcode mutation xxx 1`] = `undefined`;

exports[`GraphQL: Postcode query xxx 1`] = `undefined`;
